// Jest Snapshot v1, https://goo.gl/fbAQLP

exports[`renders the address book 1`] = `
Object {
  "asFragment": [Function],
  "baseElement": <body>
    <div>
      <div
        class="container"
      >
        <header
          class="App-header"
        >
          <h1>
            header
          </h1>
        </header>
        <div
          class="container"
        >
          <h2>
            Address Book
          </h2>
          <div
            class="row"
          >
            <div
              class="col"
            >
              <button
                class="btn btn-primary"
                type="button"
              >
                Add new contact
              </button>
            </div>
          </div>
          <div
            class="row"
          >
            <div
              class="col"
            >
              <table
                class="table table-striped table-bordered table-hover"
              >
                <thead>
                  <tr>
                    <th>
                      Last Name
                    </th>
                    <th>
                      First Name
                    </th>
                    <th>
                      Street Address
                    </th>
                    <th>
                      Suburb
                    </th>
                    <th>
                      Postcode
                    </th>
                  </tr>
                </thead>
                <tbody>
                  <tr>
                    <td>
                      Alishoner
                    </td>
                    <td>
                      Kyle
                    </td>
                    <td>
                      0 Starling Court
                    </td>
                    <td>
                      Lleida
                    </td>
                    <td>
                      25198
                    </td>
                    <td>
                      <button
                        aria-label="Close"
                        class="btn-close"
                        type="button"
                      />
                    </td>
                  </tr>
                  <tr>
                    <td>
                      Atchly
                    </td>
                    <td>
                      Wallis
                    </td>
                    <td>
                      8710 Hauk Junction
                    </td>
                    <td>
                      Qasr Abu Hadi
                    </td>
                    <td />
                    <td>
                      <button
                        aria-label="Close"
                        class="btn-close"
                        type="button"
                      />
                    </td>
                  </tr>
                  <tr>
                    <td>
                      Attryde
                    </td>
                    <td>
                      Corette
                    </td>
                    <td>
                      32 Burrows Center
                    </td>
                    <td>
                      Mineiros
                    </td>
                    <td>
                      75830-000
                    </td>
                    <td>
                      <button
                        aria-label="Close"
                        class="btn-close"
                        type="button"
                      />
                    </td>
                  </tr>
                  <tr>
                    <td>
                      Aylmer
                    </td>
                    <td>
                      Dareen
                    </td>
                    <td>
                      05066 Ryan Hill
                    </td>
                    <td>
                      Winton
                    </td>
                    <td>
                      9741
                    </td>
                    <td>
                      <button
                        aria-label="Close"
                        class="btn-close"
                        type="button"
                      />
                    </td>
                  </tr>
                  <tr>
                    <td>
                      Balsellie
                    </td>
                    <td>
                      Edmund
                    </td>
                    <td>
                      76 Hintze Lane
                    </td>
                    <td>
                      Mandaluyong City
                    </td>
                    <td>
                      1699
                    </td>
                    <td>
                      <button
                        aria-label="Close"
                        class="btn-close"
                        type="button"
                      />
                    </td>
                  </tr>
                  <tr>
                    <td>
                      Benini
                    </td>
                    <td>
                      Salome
                    </td>
                    <td>
                      73983 Ridge Oak Plaza
                    </td>
                    <td>
                      Dzorastan
                    </td>
                    <td />
                    <td>
                      <button
                        aria-label="Close"
                        class="btn-close"
                        type="button"
                      />
                    </td>
                  </tr>
                  <tr>
                    <td>
                      Bransom
                    </td>
                    <td>
                      Mag
                    </td>
                    <td>
                      164 Longview Road
                    </td>
                    <td>
                      Semikarakorsk
                    </td>
                    <td>
                      346630
                    </td>
                    <td>
                      <button
                        aria-label="Close"
                        class="btn-close"
                        type="button"
                      />
                    </td>
                  </tr>
                  <tr>
                    <td>
                      Brastead
                    </td>
                    <td>
                      Byrom
                    </td>
                    <td>
                      81 Nancy Circle
                    </td>
                    <td>
                      Boafeo
                    </td>
                    <td />
                    <td>
                      <button
                        aria-label="Close"
                        class="btn-close"
                        type="button"
                      />
                    </td>
                  </tr>
                  <tr>
                    <td>
                      Braunlein
                    </td>
                    <td>
                      Wallache
                    </td>
                    <td>
                      4 Hanover Circle
                    </td>
                    <td>
                      Daxinshao
                    </td>
                    <td />
                    <td>
                      <button
                        aria-label="Close"
                        class="btn-close"
                        type="button"
                      />
                    </td>
                  </tr>
                  <tr>
                    <td>
                      Brumbye
                    </td>
                    <td>
                      Kylila
                    </td>
                    <td>
                      6 Marcy Terrace
                    </td>
                    <td>
                      Libog
                    </td>
                    <td>
                      3905
                    </td>
                    <td>
                      <button
                        aria-label="Close"
                        class="btn-close"
                        type="button"
                      />
                    </td>
                  </tr>
                  <tr>
                    <td>
                      Center
                    </td>
                    <td>
                      Arlan
                    </td>
                    <td>
                      9 Artisan Avenue
                    </td>
                    <td>
                      Outeiro
                    </td>
                    <td>
                      5470-332
                    </td>
                    <td>
                      <button
                        aria-label="Close"
                        class="btn-close"
                        type="button"
                      />
                    </td>
                  </tr>
                  <tr>
                    <td>
                      Colbridge
                    </td>
                    <td>
                      Barty
                    </td>
                    <td>
                      14506 Melvin Street
                    </td>
                    <td>
                      Kuala Lumpur
                    </td>
                    <td>
                      50672
                    </td>
                    <td>
                      <button
                        aria-label="Close"
                        class="btn-close"
                        type="button"
                      />
                    </td>
                  </tr>
                  <tr>
                    <td>
                      Cosgriff
                    </td>
                    <td>
                      Jenni
                    </td>
                    <td>
                      617 Sugar Street
                    </td>
                    <td>
                      Mochumí
                    </td>
                    <td />
                    <td>
                      <button
                        aria-label="Close"
                        class="btn-close"
                        type="button"
                      />
                    </td>
                  </tr>
                  <tr>
                    <td>
                      Crossman
                    </td>
                    <td>
                      Evvie
                    </td>
                    <td>
                      23188 Pine View Point
                    </td>
                    <td>
                      Norrköping
                    </td>
                    <td>
                      603 72
                    </td>
                    <td>
                      <button
                        aria-label="Close"
                        class="btn-close"
                        type="button"
                      />
                    </td>
                  </tr>
                  <tr>
                    <td>
                      Cyster
                    </td>
                    <td>
                      Essie
                    </td>
                    <td>
                      88 Truax Trail
                    </td>
                    <td>
                      Machachi
                    </td>
                    <td />
                    <td>
                      <button
                        aria-label="Close"
                        class="btn-close"
                        type="button"
                      />
                    </td>
                  </tr>
                  <tr>
                    <td>
                      Decourcy
                    </td>
                    <td>
                      Zebadiah
                    </td>
                    <td>
                      98 Coleman Court
                    </td>
                    <td>
                      Kedungtaman
                    </td>
                    <td />
                    <td>
                      <button
                        aria-label="Close"
                        class="btn-close"
                        type="button"
                      />
                    </td>
                  </tr>
                  <tr>
                    <td>
                      Doodson
                    </td>
                    <td>
                      Killie
                    </td>
                    <td>
                      57 Butternut Parkway
                    </td>
                    <td>
                      Fengcheng
                    </td>
                    <td />
                    <td>
                      <button
                        aria-label="Close"
                        class="btn-close"
                        type="button"
                      />
                    </td>
                  </tr>
                  <tr>
                    <td>
                      Dryden
                    </td>
                    <td>
                      Marie-ann
                    </td>
                    <td>
                      90 Crowley Circle
                    </td>
                    <td>
                      Changshan
                    </td>
                    <td />
                    <td>
                      <button
                        aria-label="Close"
                        class="btn-close"
                        type="button"
                      />
                    </td>
                  </tr>
                  <tr>
                    <td>
                      Dyott
                    </td>
                    <td>
                      Gerta
                    </td>
                    <td>
                      7703 Steensland Avenue
                    </td>
                    <td>
                      Aconibe
                    </td>
                    <td />
                    <td>
                      <button
                        aria-label="Close"
                        class="btn-close"
                        type="button"
                      />
                    </td>
                  </tr>
                  <tr>
                    <td>
                      Ellingford
                    </td>
                    <td>
                      Floris
                    </td>
                    <td>
                      667 Coleman Street
                    </td>
                    <td>
                      Pórto Chéli
                    </td>
                    <td />
                    <td>
                      <button
                        aria-label="Close"
                        class="btn-close"
                        type="button"
                      />
                    </td>
                  </tr>
                  <tr>
                    <td>
                      Fergusson
                    </td>
                    <td>
                      Chevy
                    </td>
                    <td>
                      08489 Pawling Parkway
                    </td>
                    <td>
                      Aksu
                    </td>
                    <td />
                    <td>
                      <button
                        aria-label="Close"
                        class="btn-close"
                        type="button"
                      />
                    </td>
                  </tr>
                  <tr>
                    <td>
                      Gaitskill
                    </td>
                    <td>
                      Alessandro
                    </td>
                    <td>
                      505 Sutteridge Road
                    </td>
                    <td>
                      Patrang
                    </td>
                    <td />
                    <td>
                      <button
                        aria-label="Close"
                        class="btn-close"
                        type="button"
                      />
                    </td>
                  </tr>
                  <tr>
                    <td>
                      Gerrietz
                    </td>
                    <td>
                      Portie
                    </td>
                    <td>
                      25957 Memorial Point
                    </td>
                    <td>
                      Ekerö
                    </td>
                    <td>
                      178 32
                    </td>
                    <td>
                      <button
                        aria-label="Close"
                        class="btn-close"
                        type="button"
                      />
                    </td>
                  </tr>
                  <tr>
                    <td>
                      Gotch
                    </td>
                    <td>
                      Maud
                    </td>
                    <td>
                      494 Alpine Hill
                    </td>
                    <td>
                      Youyang
                    </td>
                    <td />
                    <td>
                      <button
                        aria-label="Close"
                        class="btn-close"
                        type="button"
                      />
                    </td>
                  </tr>
                  <tr>
                    <td>
                      Housaman
                    </td>
                    <td>
                      Jacqui
                    </td>
                    <td>
                      01555 Di Loreto Circle
                    </td>
                    <td>
                      Semikarakorsk
                    </td>
                    <td>
                      346630
                    </td>
                    <td>
                      <button
                        aria-label="Close"
                        class="btn-close"
                        type="button"
                      />
                    </td>
                  </tr>
                  <tr>
                    <td>
                      Ilyuchyov
                    </td>
                    <td>
                      Holli
                    </td>
                    <td>
                      895 Westend Way
                    </td>
                    <td>
                      Áyios Vasílios
                    </td>
                    <td />
                    <td>
                      <button
                        aria-label="Close"
                        class="btn-close"
                        type="button"
                      />
                    </td>
                  </tr>
                  <tr>
                    <td>
                      Immins
                    </td>
                    <td>
                      Marcellina
                    </td>
                    <td>
                      23162 Morning Circle
                    </td>
                    <td>
                      Zeguo
                    </td>
                    <td />
                    <td>
                      <button
                        aria-label="Close"
                        class="btn-close"
                        type="button"
                      />
                    </td>
                  </tr>
                  <tr>
                    <td>
                      Jillard
                    </td>
                    <td>
                      Henrietta
                    </td>
                    <td>
                      9 Truax Alley
                    </td>
                    <td>
                      Tutnae
                    </td>
                    <td />
                    <td>
                      <button
                        aria-label="Close"
                        class="btn-close"
                        type="button"
                      />
                    </td>
                  </tr>
                  <tr>
                    <td>
                      Kid
                    </td>
                    <td>
                      Maurene
                    </td>
                    <td>
                      49 Huxley Crossing
                    </td>
                    <td>
                      Okinawa Número Uno
                    </td>
                    <td />
                    <td>
                      <button
                        aria-label="Close"
                        class="btn-close"
                        type="button"
                      />
                    </td>
                  </tr>
                  <tr>
                    <td>
                      Kmiec
                    </td>
                    <td>
                      Frankie
                    </td>
                    <td>
                      0 Thackeray Circle
                    </td>
                    <td>
                      Oslo
                    </td>
                    <td>
                      0789
                    </td>
                    <td>
                      <button
                        aria-label="Close"
                        class="btn-close"
                        type="button"
                      />
                    </td>
                  </tr>
                  <tr>
                    <td>
                      Lyddyard
                    </td>
                    <td>
                      Erl
                    </td>
                    <td>
                      4159 Autumn Leaf Parkway
                    </td>
                    <td>
                      Vårgårda
                    </td>
                    <td>
                      447 93
                    </td>
                    <td>
                      <button
                        aria-label="Close"
                        class="btn-close"
                        type="button"
                      />
                    </td>
                  </tr>
                  <tr>
                    <td>
                      MacKenney
                    </td>
                    <td>
                      Emalia
                    </td>
                    <td>
                      99344 Lighthouse Bay Circle
                    </td>
                    <td>
                      Tarauacá
                    </td>
                    <td>
                      69970-000
                    </td>
                    <td>
                      <button
                        aria-label="Close"
                        class="btn-close"
                        type="button"
                      />
                    </td>
                  </tr>
                  <tr>
                    <td>
                      Mawman
                    </td>
                    <td>
                      Rainer
                    </td>
                    <td>
                      3916 Farmco Plaza
                    </td>
                    <td>
                      Pondokwungu
                    </td>
                    <td />
                    <td>
                      <button
                        aria-label="Close"
                        class="btn-close"
                        type="button"
                      />
                    </td>
                  </tr>
                  <tr>
                    <td>
                      McQuilliam
                    </td>
                    <td>
                      Peadar
                    </td>
                    <td>
                      7765 Cascade Pass
                    </td>
                    <td>
                      Zürich
                    </td>
                    <td>
                      8042
                    </td>
                    <td>
                      <button
                        aria-label="Close"
                        class="btn-close"
                        type="button"
                      />
                    </td>
                  </tr>
                  <tr>
                    <td>
                      Mico
                    </td>
                    <td>
                      Riannon
                    </td>
                    <td>
                      31009 Nobel Junction
                    </td>
                    <td>
                      Yishui
                    </td>
                    <td />
                    <td>
                      <button
                        aria-label="Close"
                        class="btn-close"
                        type="button"
                      />
                    </td>
                  </tr>
                  <tr>
                    <td>
                      Middas
                    </td>
                    <td>
                      Xaviera
                    </td>
                    <td>
                      48422 6th Drive
                    </td>
                    <td>
                      Rancasadang
                    </td>
                    <td />
                    <td>
                      <button
                        aria-label="Close"
                        class="btn-close"
                        type="button"
                      />
                    </td>
                  </tr>
                  <tr>
                    <td>
                      Nasey
                    </td>
                    <td>
                      Matty
                    </td>
                    <td>
                      322 Tennessee Crossing
                    </td>
                    <td>
                      Sundsvall
                    </td>
                    <td>
                      851 83
                    </td>
                    <td>
                      <button
                        aria-label="Close"
                        class="btn-close"
                        type="button"
                      />
                    </td>
                  </tr>
                  <tr>
                    <td>
                      Nevinson
                    </td>
                    <td>
                      Aurore
                    </td>
                    <td>
                      5272 Badeau Street
                    </td>
                    <td>
                      Sanshilipu
                    </td>
                    <td />
                    <td>
                      <button
                        aria-label="Close"
                        class="btn-close"
                        type="button"
                      />
                    </td>
                  </tr>
                  <tr>
                    <td>
                      Novotne
                    </td>
                    <td>
                      Morey
                    </td>
                    <td>
                      6143 Longview Lane
                    </td>
                    <td>
                      Banjar Triwangsakeliki
                    </td>
                    <td />
                    <td>
                      <button
                        aria-label="Close"
                        class="btn-close"
                        type="button"
                      />
                    </td>
                  </tr>
                  <tr>
                    <td>
                      O' Reagan
                    </td>
                    <td>
                      Rebeca
                    </td>
                    <td>
                      86884 Columbus Trail
                    </td>
                    <td>
                      Asamankese
                    </td>
                    <td />
                    <td>
                      <button
                        aria-label="Close"
                        class="btn-close"
                        type="button"
                      />
                    </td>
                  </tr>
                  <tr>
                    <td>
                      Pinnegar
                    </td>
                    <td>
                      Jay
                    </td>
                    <td>
                      84 Graceland Point
                    </td>
                    <td>
                      Liren
                    </td>
                    <td />
                    <td>
                      <button
                        aria-label="Close"
                        class="btn-close"
                        type="button"
                      />
                    </td>
                  </tr>
                  <tr>
                    <td>
                      Postans
                    </td>
                    <td>
                      Alexei
                    </td>
                    <td>
                      2 Almo Point
                    </td>
                    <td>
                      Gangkou
                    </td>
                    <td />
                    <td>
                      <button
                        aria-label="Close"
                        class="btn-close"
                        type="button"
                      />
                    </td>
                  </tr>
                  <tr>
                    <td>
                      Rawsen
                    </td>
                    <td>
                      Nancey
                    </td>
                    <td>
                      5 Hayes Pass
                    </td>
                    <td>
                      Samho-rodongjagu
                    </td>
                    <td />
                    <td>
                      <button
                        aria-label="Close"
                        class="btn-close"
                        type="button"
                      />
                    </td>
                  </tr>
                  <tr>
                    <td>
                      Record
                    </td>
                    <td>
                      Karylin
                    </td>
                    <td>
                      58 Mifflin Crossing
                    </td>
                    <td>
                      Pasararba
                    </td>
                    <td />
                    <td>
                      <button
                        aria-label="Close"
                        class="btn-close"
                        type="button"
                      />
                    </td>
                  </tr>
                  <tr>
                    <td>
                      Robak
                    </td>
                    <td>
                      Lyndsay
                    </td>
                    <td>
                      9485 Division Alley
                    </td>
                    <td>
                      Beixinjie
                    </td>
                    <td />
                    <td>
                      <button
                        aria-label="Close"
                        class="btn-close"
                        type="button"
                      />
                    </td>
                  </tr>
                  <tr>
                    <td>
                      Salthouse
                    </td>
                    <td>
                      Artie
                    </td>
                    <td>
                      35144 Crescent Oaks Plaza
                    </td>
                    <td>
                      Puji
                    </td>
                    <td />
                    <td>
                      <button
                        aria-label="Close"
                        class="btn-close"
                        type="button"
                      />
                    </td>
                  </tr>
                  <tr>
                    <td>
                      Shapero
                    </td>
                    <td>
                      Erl
                    </td>
                    <td>
                      0 Dahle Point
                    </td>
                    <td>
                      Bukuru
                    </td>
                    <td />
                    <td>
                      <button
                        aria-label="Close"
                        class="btn-close"
                        type="button"
                      />
                    </td>
                  </tr>
                  <tr>
                    <td>
                      Silvermann
                    </td>
                    <td>
                      Raina
                    </td>
                    <td>
                      435 Chive Road
                    </td>
                    <td>
                      San Pedro
                    </td>
                    <td>
                      4500
                    </td>
                    <td>
                      <button
                        aria-label="Close"
                        class="btn-close"
                        type="button"
                      />
                    </td>
                  </tr>
                  <tr>
                    <td>
                      Smidmore
                    </td>
                    <td>
                      Javier
                    </td>
                    <td>
                      5 Knutson Avenue
                    </td>
                    <td>
                      Kazo
                    </td>
                    <td>
                      365-0023
                    </td>
                    <td>
                      <button
                        aria-label="Close"
                        class="btn-close"
                        type="button"
                      />
                    </td>
                  </tr>
                  <tr>
                    <td>
                      Vuitte
                    </td>
                    <td>
                      Otha
                    </td>
                    <td>
                      51 Shelley Lane
                    </td>
                    <td>
                      Belfast
                    </td>
                    <td>
                      L6S
                    </td>
                    <td>
                      <button
                        aria-label="Close"
                        class="btn-close"
                        type="button"
                      />
                    </td>
                  </tr>
                </tbody>
              </table>
            </div>
          </div>
        </div>
      </div>
    </div>
  </body>,
  "container": <div>
    <div
      class="container"
    >
      <header
        class="App-header"
      >
        <h1>
          header
        </h1>
      </header>
      <div
        class="container"
      >
        <h2>
          Address Book
        </h2>
        <div
          class="row"
        >
          <div
            class="col"
          >
            <button
              class="btn btn-primary"
              type="button"
            >
              Add new contact
            </button>
          </div>
        </div>
        <div
          class="row"
        >
          <div
            class="col"
          >
            <table
              class="table table-striped table-bordered table-hover"
            >
              <thead>
                <tr>
                  <th>
                    Last Name
                  </th>
                  <th>
                    First Name
                  </th>
                  <th>
                    Street Address
                  </th>
                  <th>
                    Suburb
                  </th>
                  <th>
                    Postcode
                  </th>
                </tr>
              </thead>
              <tbody>
                <tr>
                  <td>
                    Alishoner
                  </td>
                  <td>
                    Kyle
                  </td>
                  <td>
                    0 Starling Court
                  </td>
                  <td>
                    Lleida
                  </td>
                  <td>
                    25198
                  </td>
                  <td>
                    <button
                      aria-label="Close"
                      class="btn-close"
                      type="button"
                    />
                  </td>
                </tr>
                <tr>
                  <td>
                    Atchly
                  </td>
                  <td>
                    Wallis
                  </td>
                  <td>
                    8710 Hauk Junction
                  </td>
                  <td>
                    Qasr Abu Hadi
                  </td>
                  <td />
                  <td>
                    <button
                      aria-label="Close"
                      class="btn-close"
                      type="button"
                    />
                  </td>
                </tr>
                <tr>
                  <td>
                    Attryde
                  </td>
                  <td>
                    Corette
                  </td>
                  <td>
                    32 Burrows Center
                  </td>
                  <td>
                    Mineiros
                  </td>
                  <td>
                    75830-000
                  </td>
                  <td>
                    <button
                      aria-label="Close"
                      class="btn-close"
                      type="button"
                    />
                  </td>
                </tr>
                <tr>
                  <td>
                    Aylmer
                  </td>
                  <td>
                    Dareen
                  </td>
                  <td>
                    05066 Ryan Hill
                  </td>
                  <td>
                    Winton
                  </td>
                  <td>
                    9741
                  </td>
                  <td>
                    <button
                      aria-label="Close"
                      class="btn-close"
                      type="button"
                    />
                  </td>
                </tr>
                <tr>
                  <td>
                    Balsellie
                  </td>
                  <td>
                    Edmund
                  </td>
                  <td>
                    76 Hintze Lane
                  </td>
                  <td>
                    Mandaluyong City
                  </td>
                  <td>
                    1699
                  </td>
                  <td>
                    <button
                      aria-label="Close"
                      class="btn-close"
                      type="button"
                    />
                  </td>
                </tr>
                <tr>
                  <td>
                    Benini
                  </td>
                  <td>
                    Salome
                  </td>
                  <td>
                    73983 Ridge Oak Plaza
                  </td>
                  <td>
                    Dzorastan
                  </td>
                  <td />
                  <td>
                    <button
                      aria-label="Close"
                      class="btn-close"
                      type="button"
                    />
                  </td>
                </tr>
                <tr>
                  <td>
                    Bransom
                  </td>
                  <td>
                    Mag
                  </td>
                  <td>
                    164 Longview Road
                  </td>
                  <td>
                    Semikarakorsk
                  </td>
                  <td>
                    346630
                  </td>
                  <td>
                    <button
                      aria-label="Close"
                      class="btn-close"
                      type="button"
                    />
                  </td>
                </tr>
                <tr>
                  <td>
                    Brastead
                  </td>
                  <td>
                    Byrom
                  </td>
                  <td>
                    81 Nancy Circle
                  </td>
                  <td>
                    Boafeo
                  </td>
                  <td />
                  <td>
                    <button
                      aria-label="Close"
                      class="btn-close"
                      type="button"
                    />
                  </td>
                </tr>
                <tr>
                  <td>
                    Braunlein
                  </td>
                  <td>
                    Wallache
                  </td>
                  <td>
                    4 Hanover Circle
                  </td>
                  <td>
                    Daxinshao
                  </td>
                  <td />
                  <td>
                    <button
                      aria-label="Close"
                      class="btn-close"
                      type="button"
                    />
                  </td>
                </tr>
                <tr>
                  <td>
                    Brumbye
                  </td>
                  <td>
                    Kylila
                  </td>
                  <td>
                    6 Marcy Terrace
                  </td>
                  <td>
                    Libog
                  </td>
                  <td>
                    3905
                  </td>
                  <td>
                    <button
                      aria-label="Close"
                      class="btn-close"
                      type="button"
                    />
                  </td>
                </tr>
                <tr>
                  <td>
                    Center
                  </td>
                  <td>
                    Arlan
                  </td>
                  <td>
                    9 Artisan Avenue
                  </td>
                  <td>
                    Outeiro
                  </td>
                  <td>
                    5470-332
                  </td>
                  <td>
                    <button
                      aria-label="Close"
                      class="btn-close"
                      type="button"
                    />
                  </td>
                </tr>
                <tr>
                  <td>
                    Colbridge
                  </td>
                  <td>
                    Barty
                  </td>
                  <td>
                    14506 Melvin Street
                  </td>
                  <td>
                    Kuala Lumpur
                  </td>
                  <td>
                    50672
                  </td>
                  <td>
                    <button
                      aria-label="Close"
                      class="btn-close"
                      type="button"
                    />
                  </td>
                </tr>
                <tr>
                  <td>
                    Cosgriff
                  </td>
                  <td>
                    Jenni
                  </td>
                  <td>
                    617 Sugar Street
                  </td>
                  <td>
                    Mochumí
                  </td>
                  <td />
                  <td>
                    <button
                      aria-label="Close"
                      class="btn-close"
                      type="button"
                    />
                  </td>
                </tr>
                <tr>
                  <td>
                    Crossman
                  </td>
                  <td>
                    Evvie
                  </td>
                  <td>
                    23188 Pine View Point
                  </td>
                  <td>
                    Norrköping
                  </td>
                  <td>
                    603 72
                  </td>
                  <td>
                    <button
                      aria-label="Close"
                      class="btn-close"
                      type="button"
                    />
                  </td>
                </tr>
                <tr>
                  <td>
                    Cyster
                  </td>
                  <td>
                    Essie
                  </td>
                  <td>
                    88 Truax Trail
                  </td>
                  <td>
                    Machachi
                  </td>
                  <td />
                  <td>
                    <button
                      aria-label="Close"
                      class="btn-close"
                      type="button"
                    />
                  </td>
                </tr>
                <tr>
                  <td>
                    Decourcy
                  </td>
                  <td>
                    Zebadiah
                  </td>
                  <td>
                    98 Coleman Court
                  </td>
                  <td>
                    Kedungtaman
                  </td>
                  <td />
                  <td>
                    <button
                      aria-label="Close"
                      class="btn-close"
                      type="button"
                    />
                  </td>
                </tr>
                <tr>
                  <td>
                    Doodson
                  </td>
                  <td>
                    Killie
                  </td>
                  <td>
                    57 Butternut Parkway
                  </td>
                  <td>
                    Fengcheng
                  </td>
                  <td />
                  <td>
                    <button
                      aria-label="Close"
                      class="btn-close"
                      type="button"
                    />
                  </td>
                </tr>
                <tr>
                  <td>
                    Dryden
                  </td>
                  <td>
                    Marie-ann
                  </td>
                  <td>
                    90 Crowley Circle
                  </td>
                  <td>
                    Changshan
                  </td>
                  <td />
                  <td>
                    <button
                      aria-label="Close"
                      class="btn-close"
                      type="button"
                    />
                  </td>
                </tr>
                <tr>
                  <td>
                    Dyott
                  </td>
                  <td>
                    Gerta
                  </td>
                  <td>
                    7703 Steensland Avenue
                  </td>
                  <td>
                    Aconibe
                  </td>
                  <td />
                  <td>
                    <button
                      aria-label="Close"
                      class="btn-close"
                      type="button"
                    />
                  </td>
                </tr>
                <tr>
                  <td>
                    Ellingford
                  </td>
                  <td>
                    Floris
                  </td>
                  <td>
                    667 Coleman Street
                  </td>
                  <td>
                    Pórto Chéli
                  </td>
                  <td />
                  <td>
                    <button
                      aria-label="Close"
                      class="btn-close"
                      type="button"
                    />
                  </td>
                </tr>
                <tr>
                  <td>
                    Fergusson
                  </td>
                  <td>
                    Chevy
                  </td>
                  <td>
                    08489 Pawling Parkway
                  </td>
                  <td>
                    Aksu
                  </td>
                  <td />
                  <td>
                    <button
                      aria-label="Close"
                      class="btn-close"
                      type="button"
                    />
                  </td>
                </tr>
                <tr>
                  <td>
                    Gaitskill
                  </td>
                  <td>
                    Alessandro
                  </td>
                  <td>
                    505 Sutteridge Road
                  </td>
                  <td>
                    Patrang
                  </td>
                  <td />
                  <td>
                    <button
                      aria-label="Close"
                      class="btn-close"
                      type="button"
                    />
                  </td>
                </tr>
                <tr>
                  <td>
                    Gerrietz
                  </td>
                  <td>
                    Portie
                  </td>
                  <td>
                    25957 Memorial Point
                  </td>
                  <td>
                    Ekerö
                  </td>
                  <td>
                    178 32
                  </td>
                  <td>
                    <button
                      aria-label="Close"
                      class="btn-close"
                      type="button"
                    />
                  </td>
                </tr>
                <tr>
                  <td>
                    Gotch
                  </td>
                  <td>
                    Maud
                  </td>
                  <td>
                    494 Alpine Hill
                  </td>
                  <td>
                    Youyang
                  </td>
                  <td />
                  <td>
                    <button
                      aria-label="Close"
                      class="btn-close"
                      type="button"
                    />
                  </td>
                </tr>
                <tr>
                  <td>
                    Housaman
                  </td>
                  <td>
                    Jacqui
                  </td>
                  <td>
                    01555 Di Loreto Circle
                  </td>
                  <td>
                    Semikarakorsk
                  </td>
                  <td>
                    346630
                  </td>
                  <td>
                    <button
                      aria-label="Close"
                      class="btn-close"
                      type="button"
                    />
                  </td>
                </tr>
                <tr>
                  <td>
                    Ilyuchyov
                  </td>
                  <td>
                    Holli
                  </td>
                  <td>
                    895 Westend Way
                  </td>
                  <td>
                    Áyios Vasílios
                  </td>
                  <td />
                  <td>
                    <button
                      aria-label="Close"
                      class="btn-close"
                      type="button"
                    />
                  </td>
                </tr>
                <tr>
                  <td>
                    Immins
                  </td>
                  <td>
                    Marcellina
                  </td>
                  <td>
                    23162 Morning Circle
                  </td>
                  <td>
                    Zeguo
                  </td>
                  <td />
                  <td>
                    <button
                      aria-label="Close"
                      class="btn-close"
                      type="button"
                    />
                  </td>
                </tr>
                <tr>
                  <td>
                    Jillard
                  </td>
                  <td>
                    Henrietta
                  </td>
                  <td>
                    9 Truax Alley
                  </td>
                  <td>
                    Tutnae
                  </td>
                  <td />
                  <td>
                    <button
                      aria-label="Close"
                      class="btn-close"
                      type="button"
                    />
                  </td>
                </tr>
                <tr>
                  <td>
                    Kid
                  </td>
                  <td>
                    Maurene
                  </td>
                  <td>
                    49 Huxley Crossing
                  </td>
                  <td>
                    Okinawa Número Uno
                  </td>
                  <td />
                  <td>
                    <button
                      aria-label="Close"
                      class="btn-close"
                      type="button"
                    />
                  </td>
                </tr>
                <tr>
                  <td>
                    Kmiec
                  </td>
                  <td>
                    Frankie
                  </td>
                  <td>
                    0 Thackeray Circle
                  </td>
                  <td>
                    Oslo
                  </td>
                  <td>
                    0789
                  </td>
                  <td>
                    <button
                      aria-label="Close"
                      class="btn-close"
                      type="button"
                    />
                  </td>
                </tr>
                <tr>
                  <td>
                    Lyddyard
                  </td>
                  <td>
                    Erl
                  </td>
                  <td>
                    4159 Autumn Leaf Parkway
                  </td>
                  <td>
                    Vårgårda
                  </td>
                  <td>
                    447 93
                  </td>
                  <td>
                    <button
                      aria-label="Close"
                      class="btn-close"
                      type="button"
                    />
                  </td>
                </tr>
                <tr>
                  <td>
                    MacKenney
                  </td>
                  <td>
                    Emalia
                  </td>
                  <td>
                    99344 Lighthouse Bay Circle
                  </td>
                  <td>
                    Tarauacá
                  </td>
                  <td>
                    69970-000
                  </td>
                  <td>
                    <button
                      aria-label="Close"
                      class="btn-close"
                      type="button"
                    />
                  </td>
                </tr>
                <tr>
                  <td>
                    Mawman
                  </td>
                  <td>
                    Rainer
                  </td>
                  <td>
                    3916 Farmco Plaza
                  </td>
                  <td>
                    Pondokwungu
                  </td>
                  <td />
                  <td>
                    <button
                      aria-label="Close"
                      class="btn-close"
                      type="button"
                    />
                  </td>
                </tr>
                <tr>
                  <td>
                    McQuilliam
                  </td>
                  <td>
                    Peadar
                  </td>
                  <td>
                    7765 Cascade Pass
                  </td>
                  <td>
                    Zürich
                  </td>
                  <td>
                    8042
                  </td>
                  <td>
                    <button
                      aria-label="Close"
                      class="btn-close"
                      type="button"
                    />
                  </td>
                </tr>
                <tr>
                  <td>
                    Mico
                  </td>
                  <td>
                    Riannon
                  </td>
                  <td>
                    31009 Nobel Junction
                  </td>
                  <td>
                    Yishui
                  </td>
                  <td />
                  <td>
                    <button
                      aria-label="Close"
                      class="btn-close"
                      type="button"
                    />
                  </td>
                </tr>
                <tr>
                  <td>
                    Middas
                  </td>
                  <td>
                    Xaviera
                  </td>
                  <td>
                    48422 6th Drive
                  </td>
                  <td>
                    Rancasadang
                  </td>
                  <td />
                  <td>
                    <button
                      aria-label="Close"
                      class="btn-close"
                      type="button"
                    />
                  </td>
                </tr>
                <tr>
                  <td>
                    Nasey
                  </td>
                  <td>
                    Matty
                  </td>
                  <td>
                    322 Tennessee Crossing
                  </td>
                  <td>
                    Sundsvall
                  </td>
                  <td>
                    851 83
                  </td>
                  <td>
                    <button
                      aria-label="Close"
                      class="btn-close"
                      type="button"
                    />
                  </td>
                </tr>
                <tr>
                  <td>
                    Nevinson
                  </td>
                  <td>
                    Aurore
                  </td>
                  <td>
                    5272 Badeau Street
                  </td>
                  <td>
                    Sanshilipu
                  </td>
                  <td />
                  <td>
                    <button
                      aria-label="Close"
                      class="btn-close"
                      type="button"
                    />
                  </td>
                </tr>
                <tr>
                  <td>
                    Novotne
                  </td>
                  <td>
                    Morey
                  </td>
                  <td>
                    6143 Longview Lane
                  </td>
                  <td>
                    Banjar Triwangsakeliki
                  </td>
                  <td />
                  <td>
                    <button
                      aria-label="Close"
                      class="btn-close"
                      type="button"
                    />
                  </td>
                </tr>
                <tr>
                  <td>
                    O' Reagan
                  </td>
                  <td>
                    Rebeca
                  </td>
                  <td>
                    86884 Columbus Trail
                  </td>
                  <td>
                    Asamankese
                  </td>
                  <td />
                  <td>
                    <button
                      aria-label="Close"
                      class="btn-close"
                      type="button"
                    />
                  </td>
                </tr>
                <tr>
                  <td>
                    Pinnegar
                  </td>
                  <td>
                    Jay
                  </td>
                  <td>
                    84 Graceland Point
                  </td>
                  <td>
                    Liren
                  </td>
                  <td />
                  <td>
                    <button
                      aria-label="Close"
                      class="btn-close"
                      type="button"
                    />
                  </td>
                </tr>
                <tr>
                  <td>
                    Postans
                  </td>
                  <td>
                    Alexei
                  </td>
                  <td>
                    2 Almo Point
                  </td>
                  <td>
                    Gangkou
                  </td>
                  <td />
                  <td>
                    <button
                      aria-label="Close"
                      class="btn-close"
                      type="button"
                    />
                  </td>
                </tr>
                <tr>
                  <td>
                    Rawsen
                  </td>
                  <td>
                    Nancey
                  </td>
                  <td>
                    5 Hayes Pass
                  </td>
                  <td>
                    Samho-rodongjagu
                  </td>
                  <td />
                  <td>
                    <button
                      aria-label="Close"
                      class="btn-close"
                      type="button"
                    />
                  </td>
                </tr>
                <tr>
                  <td>
                    Record
                  </td>
                  <td>
                    Karylin
                  </td>
                  <td>
                    58 Mifflin Crossing
                  </td>
                  <td>
                    Pasararba
                  </td>
                  <td />
                  <td>
                    <button
                      aria-label="Close"
                      class="btn-close"
                      type="button"
                    />
                  </td>
                </tr>
                <tr>
                  <td>
                    Robak
                  </td>
                  <td>
                    Lyndsay
                  </td>
                  <td>
                    9485 Division Alley
                  </td>
                  <td>
                    Beixinjie
                  </td>
                  <td />
                  <td>
                    <button
                      aria-label="Close"
                      class="btn-close"
                      type="button"
                    />
                  </td>
                </tr>
                <tr>
                  <td>
                    Salthouse
                  </td>
                  <td>
                    Artie
                  </td>
                  <td>
                    35144 Crescent Oaks Plaza
                  </td>
                  <td>
                    Puji
                  </td>
                  <td />
                  <td>
                    <button
                      aria-label="Close"
                      class="btn-close"
                      type="button"
                    />
                  </td>
                </tr>
                <tr>
                  <td>
                    Shapero
                  </td>
                  <td>
                    Erl
                  </td>
                  <td>
                    0 Dahle Point
                  </td>
                  <td>
                    Bukuru
                  </td>
                  <td />
                  <td>
                    <button
                      aria-label="Close"
                      class="btn-close"
                      type="button"
                    />
                  </td>
                </tr>
                <tr>
                  <td>
                    Silvermann
                  </td>
                  <td>
                    Raina
                  </td>
                  <td>
                    435 Chive Road
                  </td>
                  <td>
                    San Pedro
                  </td>
                  <td>
                    4500
                  </td>
                  <td>
                    <button
                      aria-label="Close"
                      class="btn-close"
                      type="button"
                    />
                  </td>
                </tr>
                <tr>
                  <td>
                    Smidmore
                  </td>
                  <td>
                    Javier
                  </td>
                  <td>
                    5 Knutson Avenue
                  </td>
                  <td>
                    Kazo
                  </td>
                  <td>
                    365-0023
                  </td>
                  <td>
                    <button
                      aria-label="Close"
                      class="btn-close"
                      type="button"
                    />
                  </td>
                </tr>
                <tr>
                  <td>
                    Vuitte
                  </td>
                  <td>
                    Otha
                  </td>
                  <td>
                    51 Shelley Lane
                  </td>
                  <td>
                    Belfast
                  </td>
                  <td>
                    L6S
                  </td>
                  <td>
                    <button
                      aria-label="Close"
                      class="btn-close"
                      type="button"
                    />
                  </td>
                </tr>
              </tbody>
            </table>
          </div>
        </div>
      </div>
    </div>
  </div>,
  "debug": [Function],
  "findAllByAltText": [Function],
  "findAllByDisplayValue": [Function],
  "findAllByLabelText": [Function],
  "findAllByPlaceholderText": [Function],
  "findAllByRole": [Function],
  "findAllByTestId": [Function],
  "findAllByText": [Function],
  "findAllByTitle": [Function],
  "findByAltText": [Function],
  "findByDisplayValue": [Function],
  "findByLabelText": [Function],
  "findByPlaceholderText": [Function],
  "findByRole": [Function],
  "findByTestId": [Function],
  "findByText": [Function],
  "findByTitle": [Function],
  "getAllByAltText": [Function],
  "getAllByDisplayValue": [Function],
  "getAllByLabelText": [Function],
  "getAllByPlaceholderText": [Function],
  "getAllByRole": [Function],
  "getAllByTestId": [Function],
  "getAllByText": [Function],
  "getAllByTitle": [Function],
  "getByAltText": [Function],
  "getByDisplayValue": [Function],
  "getByLabelText": [Function],
  "getByPlaceholderText": [Function],
  "getByRole": [Function],
  "getByTestId": [Function],
  "getByText": [Function],
  "getByTitle": [Function],
  "queryAllByAltText": [Function],
  "queryAllByDisplayValue": [Function],
  "queryAllByLabelText": [Function],
  "queryAllByPlaceholderText": [Function],
  "queryAllByRole": [Function],
  "queryAllByTestId": [Function],
  "queryAllByText": [Function],
  "queryAllByTitle": [Function],
  "queryByAltText": [Function],
  "queryByDisplayValue": [Function],
  "queryByLabelText": [Function],
  "queryByPlaceholderText": [Function],
  "queryByRole": [Function],
  "queryByTestId": [Function],
  "queryByText": [Function],
  "queryByTitle": [Function],
  "rerender": [Function],
  "unmount": [Function],
}
`;
